
 ⛅️ wrangler 4.114.0
────────────────────

Cloudflare collects anonymous telemetry about your usage of Wrangler. Learn more at https://github.com/cloudflare/workers-sdk/tree/main/packages/wrangler/telemetry.md
Your Worker has access to the following bindings:
Binding                                                                                      Resource                      Mode
env.EMAIL (unrestricted)                                                                     Send Email                    local
env.SUBMISSIONS_DB (swc-submissions)                                                         D1 Database                   local
env.SUBMISSION_FILES (swc-submission-files)                                                  R2 Bucket                     local
env.SITE_ANALYTICS (swc_site_analytics)                                                      Analytics Engine Dataset      local
env.BROWSER                                                                                  Browser Run                   local
env.ASSETS                                                                                   Assets                        local
env.PUBLIC_SITE_URL ("https://thesixwellconstruct.com")                                      Environment Variable          local
env.SQUARE_ENVIRONMENT ("production")                                                        Environment Variable          local
env.SQUARE_WEBHOOK_NOTIFICATION_URL ("https://thesixwellconstruct.com/api/s...")             Environment Variable          local
env.SQUARE_EVENTS_WEBHOOK_NOTIFICATION_URL ("https://thesixwellconstruct.com/api/s...")      Environment Variable          local
env.SQUARE_STUDIO_WEBHOOK_NOTIFICATION_URL ("https://thesixwellconstruct.com/api/s...")      Environment Variable          local
env.NOTIFICATION_FROM_EMAIL ("saisolehman@artpilltattoohouse.com")                           Environment Variable          local
env.NOTIFICATION_FROM_NAME ("art.pill TATTOO HOUSE")                                         Environment Variable          local
env.NOTIFICATION_REPLY_TO ("saisolehman@artpilltattoohouse.com")                             Environment Variable          local
env.ADMIN_NOTIFICATION_EMAIL ("saisolehman@artpilltattoohouse.com")                          Environment Variable          local
env.ADMIN_NOTIFICATION_FROM_EMAIL ("notifications@artpilltattoohouse.com")                   Environment Variable          local
env.ADMIN_NOTIFICATION_FROM_NAME ("art.pill notifications")                                  Environment Variable          local
env.STUDIO_CALENDAR_LOCATION ("364 Nelson Street SW, Atlanta, GA 30313")                     Environment Variable          local
env.STUDIO_CONTACT_PHONE ("(770) 820-5800")                                                  Environment Variable          local
env.SHOPIFY_STORE_DOMAIN ("six-well-2.myshopify.com")                                        Environment Variable          local
env.SHOPIFY_STOREFRONT_API_VERSION ("2025-07")                                               Environment Variable          local
env.SHOPIFY_MERCH_QUERY ("tag:construct-merch")                                              Environment Variable          local
env.OUTREACH_CONSENT_SYNC_ENABLED ("false")                                                  Environment Variable          local
env.OUTREACH_PREFERENCES_ENABLED ("false")                                                   Environment Variable          local
env.OUTREACH_INDIVIDUAL_EMAIL_ENABLED ("false")                                              Environment Variable          local
env.OUTREACH_INDIVIDUAL_SMS_ENABLED ("false")                                                Environment Variable          local
env.OUTREACH_EMAIL_CAMPAIGNS_ENABLED ("false")                                               Environment Variable          local
env.OUTREACH_SMS_CAMPAIGNS_ENABLED ("false")                                                 Environment Variable          local

Wrangler detected this dev session is running in an AI agent.
The Local Explorer API is available at http://127.0.0.1:8787/cdn-cgi/explorer/api
Useful routes:
  GET http://127.0.0.1:8787/cdn-cgi/explorer/api - OpenAPI schema
  GET http://127.0.0.1:8787/cdn-cgi/explorer/api/d1/database - D1 databases
  GET http://127.0.0.1:8787/cdn-cgi/explorer/api/local/workers - local Workers and bindings
  GET http://127.0.0.1:8787/cdn-cgi/explorer/api/r2/buckets - R2 buckets
  GET http://127.0.0.1:8787/cdn-cgi/explorer/api/storage/kv/namespaces - KV namespaces
  GET http://127.0.0.1:8787/cdn-cgi/explorer/api/workers/durable_objects/namespaces - Durable Object namespaces
  GET http://127.0.0.1:8787/cdn-cgi/explorer/api/workflows - Workflows
⎔ Starting local server...
⎔ Reloading local server...
⎔ Local server updated and ready
⎔ Reloading local server...
⎔ Local server updated and ready
⎔ Reloading local server...
⎔ Local server updated and ready
⎔ Reloading local server...
⎔ Local server updated and ready
⎔ Reloading local server...
⎔ Local server updated and ready
⎔ Reloading local server...
⎔ Local server updated and ready
⎔ Reloading local server...
⎔ Local server updated and ready
⎔ Reloading local server...
⎔ Local server updated and ready
⎔ Reloading local server...
⎔ Local server updated and ready
⎔ Reloading local server...
⎔ Local server updated and ready
⎔ Reloading local server...
⎔ Local server updated and ready
⎔ Reloading local server...
⎔ Local server updated and ready
⎔ Reloading local server...
⎔ Local server updated and ready
⎔ Reloading local server...
⎔ Local server updated and ready
⎔ Reloading local server...
⎔ Local server updated and ready
⎔ Reloading local server...
⎔ Local server updated and ready
⎔ Reloading local server...
⎔ Local server updated and ready
⎔ Reloading local server...
⎔ Local server updated and ready
⎔ Reloading local server...
⎔ Local server updated and ready
⎔ Reloading local server...
⎔ Local server updated and ready
⎔ Reloading local server...
⎔ Local server updated and ready
⎔ Reloading local server...
⎔ Local server updated and ready
⎔ Reloading local server...
⎔ Local server updated and ready
⎔ Reloading local server...
⎔ Local server updated and ready
⎔ Reloading local server...
⎔ Local server updated and ready
⎔ Reloading local server...
⎔ Local server updated and ready
⎔ Reloading local server...
⎔ Local server updated and ready
⎔ Reloading local server...
⎔ Local server updated and ready
⎔ Reloading local server...
⎔ Local server updated and ready
⎔ Reloading local server...
⎔ Local server updated and ready
⎔ Reloading local server...
⎔ Local server updated and ready
⎔ Reloading local server...
⎔ Local server updated and ready
⎔ Reloading local server...
⎔ Local server updated and ready
⎔ Reloading local server...
⎔ Local server updated and ready
⎔ Reloading local server...
⎔ Local server updated and ready
⎔ Reloading local server...
⎔ Local server updated and ready
⎔ Reloading local server...
⎔ Local server updated and ready
⎔ Reloading local server...
⎔ Local server updated and ready
⎔ Reloading local server...
⎔ Local server updated and ready
[wrangler:info] Ready on http://127.0.0.1:8787
[wrangler:info] GET /art/lostmarblespainting.html 200 OK (97101ms)
[wrangler:info] GET /art/lostmarblespainting.html 200 OK (78771ms)
⎔ Reloading local server...
⎔ Local server updated and ready
⎔ Reloading local server...
⎔ Local server updated and ready
⎔ Reloading local server...
⎔ Local server updated and ready
⎔ Reloading local server...
⎔ Local server updated and ready
⎔ Reloading local server...
⎔ Local server updated and ready
⎔ Reloading local server...
⎔ Local server updated and ready
⎔ Reloading local server...
